
> logbook-root@0.1.0 build
> next build

   ▲ Next.js 15.5.4
   - Environments: .env.local
   - Experiments (use with caution):
     · serverActions

   Creating an optimized production build ...
 ✓ Compiled successfully in 7.9s
   Linting and checking validity of types ...

./src/app/actions/content.ts
292:27  Warning: '_removed' is assigned a value but never used.  @typescript-eslint/no-unused-vars

./src/app/actions/dashboard.ts
5:28  Warning: 'UserProfile' is defined but never used.  @typescript-eslint/no-unused-vars

./src/app/actions/imageUpload.ts
142:35  Warning: '_imageUrl' is defined but never used.  @typescript-eslint/no-unused-vars

./src/app/actions/logbook.ts
337:57  Warning: '_title' is defined but never used.  @typescript-eslint/no-unused-vars
337:73  Warning: '_subtitle' is defined but never used.  @typescript-eslint/no-unused-vars

./src/app/logbook/[slug]/gallery/GalleryContentUniversal.tsx
47:6  Warning: React Hook useEffect has a missing dependency: 'loadGalleryData'. Either include it or remove the dependency array.  react-hooks/exhaustive-deps

./src/app/logbook/[slug]/gallery/components/GalleryGrid.tsx
4:21  Warning: 'MediaType' is defined but never used.  @typescript-eslint/no-unused-vars

./src/app/logbook/[slug]/gallery/components/ImageCard.tsx
76:14  Warning: 'error' is defined but never used.  @typescript-eslint/no-unused-vars
102:11  Warning: Using `<img>` could result in slower LCP and higher bandwidth. Consider using `<Image />` from `next/image` or a custom image loader to automatically optimize images. This may incur additional usage or cost from your provider. See: https://nextjs.org/docs/messages/no-img-element  @next/next/no-img-element

./src/app/logbook/[slug]/gallery/components/ImageLightbox.tsx
62:14  Warning: 'error' is defined but never used.  @typescript-eslint/no-unused-vars
112:11  Warning: Using `<img>` could result in slower LCP and higher bandwidth. Consider using `<Image />` from `next/image` or a custom image loader to automatically optimize images. This may incur additional usage or cost from your provider. See: https://nextjs.org/docs/messages/no-img-element  @next/next/no-img-element

./src/app/logbook/[slug]/help/HelpContentUniversal.tsx
3:10  Warning: 'useState' is defined but never used.  @typescript-eslint/no-unused-vars
13:18  Warning: 'AnimatePresence' is defined but never used.  @typescript-eslint/no-unused-vars
28:11  Warning: 'LinkItem' is defined but never used.  @typescript-eslint/no-unused-vars
36:11  Warning: 'GuidelineItem' is defined but never used.  @typescript-eslint/no-unused-vars
286:9  Warning: 'percentage' is assigned a value but never used.  @typescript-eslint/no-unused-vars

./src/app/login/page.tsx
44:14  Warning: 'err' is defined but never used.  @typescript-eslint/no-unused-vars

./src/components/atoms/Avatar/Avatar.tsx
74:9  Warning: Using `<img>` could result in slower LCP and higher bandwidth. Consider using `<Image />` from `next/image` or a custom image loader to automatically optimize images. This may incur additional usage or cost from your provider. See: https://nextjs.org/docs/messages/no-img-element  @next/next/no-img-element

./src/components/atoms/EditableImage/EditableImage.tsx
90:9  Warning: Using `<img>` could result in slower LCP and higher bandwidth. Consider using `<Image />` from `next/image` or a custom image loader to automatically optimize images. This may incur additional usage or cost from your provider. See: https://nextjs.org/docs/messages/no-img-element  @next/next/no-img-element

./src/components/molecules/IconPicker/IconPicker.tsx
52:57  Warning: 'asClickable' is assigned a value but never used.  @typescript-eslint/no-unused-vars

./src/components/molecules/MediaCard/MediaCard.tsx
140:11  Warning: Using `<img>` could result in slower LCP and higher bandwidth. Consider using `<Image />` from `next/image` or a custom image loader to automatically optimize images. This may incur additional usage or cost from your provider. See: https://nextjs.org/docs/messages/no-img-element  @next/next/no-img-element

./src/components/molecules/PageSettingsButton/PageSettingsButton.tsx
43:9  Warning: 'showFloating' is assigned a value but never used.  @typescript-eslint/no-unused-vars

./src/components/molecules/SectionContainer/SectionContainer.tsx
32:3  Warning: 'onVisibilityChange' is defined but never used.  @typescript-eslint/no-unused-vars

./src/components/organisms/HeroEditModal/HeroEditModal.tsx
6:10  Warning: 'Input' is defined but never used.  @typescript-eslint/no-unused-vars
68:14  Warning: 'err' is defined but never used.  @typescript-eslint/no-unused-vars
88:14  Warning: 'err' is defined but never used.  @typescript-eslint/no-unused-vars
162:21  Warning: Using `<img>` could result in slower LCP and higher bandwidth. Consider using `<Image />` from `next/image` or a custom image loader to automatically optimize images. This may incur additional usage or cost from your provider. See: https://nextjs.org/docs/messages/no-img-element  @next/next/no-img-element

./src/components/universal/EditPanel/EditPanel.tsx
3:10  Warning: 'useState' is defined but never used.  @typescript-eslint/no-unused-vars
4:18  Warning: 'AnimatePresence' is defined but never used.  @typescript-eslint/no-unused-vars
21:39  Warning: 'pageTitle' is assigned a value but never used.  @typescript-eslint/no-unused-vars

./src/components/universal/Editable/Editable.tsx
36:5  Warning: 'userRole' is assigned a value but never used.  @typescript-eslint/no-unused-vars

./src/components/universal/ImageUploadModal/ImageUploadModal.tsx
78:14  Warning: 'err' is defined but never used.  @typescript-eslint/no-unused-vars

./src/lib/contexts/ContentContext.tsx
193:32  Warning: '_path' is defined but never used.  @typescript-eslint/no-unused-vars

./src/lib/services/imageUpload.ts
108:57  Warning: 'quality' is assigned a value but never used.  @typescript-eslint/no-unused-vars
162:13  Warning: 'data' is assigned a value but never used.  @typescript-eslint/no-unused-vars
207:3  Warning: 'options' is assigned a value but never used.  @typescript-eslint/no-unused-vars

./src/lib/utils/pageContent.test.ts
13:10  Warning: 'DEFAULT_SECTIONS' is defined but never used.  @typescript-eslint/no-unused-vars

./src/lib/utils/pageContent.ts
11:3  Warning: 'SectionData' is defined but never used.  @typescript-eslint/no-unused-vars

info  - Need to disable some ESLint rules? Learn more here: https://nextjs.org/docs/app/api-reference/config/eslint#disabling-rules
Failed to compile.

./src/app/logbook/[slug]/admin/AdminContentUniversal.tsx:227:18
Type error: 'member.profile' is possibly 'undefined'.

[0m [90m 225 |[39m             [33m<[39m[33mdiv[39m className[33m=[39m{styles[33m.[39mmemberInfo}[33m>[39m
 [90m 226 |[39m               [33m<[39m[33mdiv[39m className[33m=[39m{styles[33m.[39mmemberAvatar}[33m>[39m
[31m[1m>[22m[39m[90m 227 |[39m                 {member[33m.[39mprofile[33m.[39mavatar_url [33m?[39m (
 [90m     |[39m                  [31m[1m^[22m[39m
 [90m 228 |[39m                   [33m<[39m[33mImage[39m 
 [90m 229 |[39m                     src[33m=[39m{member[33m.[39mprofile[33m.[39mavatar_url} 
 [90m 230 |[39m                     alt[33m=[39m{member[33m.[39mprofile[33m.[39mdisplay_name}[0m
Next.js build worker exited with code: 1 and signal: null
